// Jest Snapshot v1, https://goo.gl/fbAQLP

exports[`<Congrats /> renders the component 1`] = `
<div
  data-test="component-congrats"
/>
`;
